[debug] [2026-03-03T16:32:33.245Z] ----------------------------------------------------------------------
[debug] [2026-03-03T16:32:33.249Z] Command:       /usr/local/bin/node /usr/local/bin/firebase serve
[debug] [2026-03-03T16:32:33.250Z] CLI Version:   15.6.0
[debug] [2026-03-03T16:32:33.250Z] Platform:      darwin
[debug] [2026-03-03T16:32:33.250Z] Node Version:  v22.15.0
[debug] [2026-03-03T16:32:33.251Z] Time:          Tue Mar 03 2026 22:02:33 GMT+0530 (India Standard Time)
[debug] [2026-03-03T16:32:33.251Z] ----------------------------------------------------------------------
[debug] 
[debug] [2026-03-03T16:32:37.178Z] > command requires scopes: ["email","openid","https://www.googleapis.com/auth/cloudplatformprojects.readonly","https://www.googleapis.com/auth/firebase","https://www.googleapis.com/auth/cloud-platform"]
[debug] [2026-03-03T16:32:37.179Z] > authorizing via signed-in user (marketing@refiniti.ai)
[debug] [2026-03-03T16:32:37.179Z] [iam] checking project home-buyer-team-01 for permissions ["firebase.projects.get"]
[debug] [2026-03-03T16:32:37.181Z] Checked if tokens are valid: true, expires at: 1772559136988
[debug] [2026-03-03T16:32:37.181Z] Checked if tokens are valid: true, expires at: 1772559136988
[debug] [2026-03-03T16:32:37.186Z] >>> [apiv2][query] POST https://cloudresourcemanager.googleapis.com/v1/projects/home-buyer-team-01:testIamPermissions [none]
[debug] [2026-03-03T16:32:37.186Z] >>> [apiv2][(partial)header] POST https://cloudresourcemanager.googleapis.com/v1/projects/home-buyer-team-01:testIamPermissions  x-goog-user-project=home-buyer-team-01
[debug] [2026-03-03T16:32:37.186Z] >>> [apiv2][body] POST https://cloudresourcemanager.googleapis.com/v1/projects/home-buyer-team-01:testIamPermissions {"permissions":["firebase.projects.get"]}
[debug] [2026-03-03T16:32:38.836Z] <<< [apiv2][status] POST https://cloudresourcemanager.googleapis.com/v1/projects/home-buyer-team-01:testIamPermissions 200
[debug] [2026-03-03T16:32:38.836Z] <<< [apiv2][body] POST https://cloudresourcemanager.googleapis.com/v1/projects/home-buyer-team-01:testIamPermissions {"permissions":["firebase.projects.get"]}
[debug] [2026-03-03T16:32:38.838Z] Checked if tokens are valid: true, expires at: 1772559136988
[debug] [2026-03-03T16:32:38.838Z] Checked if tokens are valid: true, expires at: 1772559136988
[debug] [2026-03-03T16:32:38.838Z] >>> [apiv2][query] GET https://cloudresourcemanager.googleapis.com/v1/projects/home-buyer-team-01 [none]
[debug] [2026-03-03T16:32:39.211Z] <<< [apiv2][status] GET https://cloudresourcemanager.googleapis.com/v1/projects/home-buyer-team-01 200
[debug] [2026-03-03T16:32:39.212Z] <<< [apiv2][body] GET https://cloudresourcemanager.googleapis.com/v1/projects/home-buyer-team-01 {"projectNumber":"421346282204","projectId":"home-buyer-team-01","lifecycleState":"ACTIVE","name":"Home Buyer Team","labels":{"firebase":"enabled","firebase-core":"disabled"},"createTime":"2026-01-08T00:52:34.520696Z","parent":{"type":"organization","id":"650496014796"}}
[info] 
[info] === Serving from '/Users/apple/Documents/Client Folders/US Projects/Refiniti Codebase/Home-Buyer-Team'...
[info] 
[debug] [2026-03-03T16:32:39.215Z] Checked if tokens are valid: true, expires at: 1772559136988
[debug] [2026-03-03T16:32:39.215Z] Checked if tokens are valid: true, expires at: 1772559136988
[debug] [2026-03-03T16:32:39.215Z] >>> [apiv2][query] GET https://firebasehosting.googleapis.com/v1beta1/projects/home-buyer-team-01/sites 
[debug] [2026-03-03T16:32:40.449Z] <<< [apiv2][status] GET https://firebasehosting.googleapis.com/v1beta1/projects/home-buyer-team-01/sites 200
[debug] [2026-03-03T16:32:40.450Z] <<< [apiv2][body] GET https://firebasehosting.googleapis.com/v1beta1/projects/home-buyer-team-01/sites {"sites":[{"name":"projects/home-buyer-team-01/sites/home-buyer-team-01","defaultUrl":"https://home-buyer-team-01.web.app","type":"DEFAULT_SITE"}]}
[debug] [2026-03-03T16:32:40.450Z] Checked if tokens are valid: true, expires at: 1772559136988
[debug] [2026-03-03T16:32:40.450Z] Checked if tokens are valid: true, expires at: 1772559136988
[debug] [2026-03-03T16:32:40.450Z] >>> [apiv2][query] GET https://firebase.googleapis.com/v1beta1/projects/home-buyer-team-01/webApps/-/config [none]
[debug] [2026-03-03T16:32:41.222Z] <<< [apiv2][status] GET https://firebase.googleapis.com/v1beta1/projects/home-buyer-team-01/webApps/-/config 200
[debug] [2026-03-03T16:32:41.222Z] <<< [apiv2][body] GET https://firebase.googleapis.com/v1beta1/projects/home-buyer-team-01/webApps/-/config {"projectId":"home-buyer-team-01","storageBucket":"home-buyer-team-01.firebasestorage.app","apiKey":"AIzaSyB4eDI59OQqONQMkLL0smddSRww7EeT6ow","authDomain":"home-buyer-team-01.firebaseapp.com","messagingSenderId":"421346282204","projectNumber":"421346282204","version":"2"}
[debug] [2026-03-03T16:32:41.242Z] Checked if tokens are valid: true, expires at: 1772559136988
[debug] [2026-03-03T16:32:41.242Z] Checked if tokens are valid: true, expires at: 1772559136988
[debug] [2026-03-03T16:32:41.243Z] >>> [apiv2][query] GET https://firebase.googleapis.com/v1beta1/projects/home-buyer-team-01 [none]
[debug] [2026-03-03T16:32:41.758Z] <<< [apiv2][status] GET https://firebase.googleapis.com/v1beta1/projects/home-buyer-team-01 200
[debug] [2026-03-03T16:32:41.758Z] <<< [apiv2][body] GET https://firebase.googleapis.com/v1beta1/projects/home-buyer-team-01 {"projectId":"home-buyer-team-01","projectNumber":"421346282204","displayName":"Home Buyer Team","name":"projects/home-buyer-team-01","resources":{"hostingSite":"home-buyer-team-01"},"state":"ACTIVE","etag":"1_da2cfd5d-e9fd-486a-922a-945088c91562"}
[info] ✔  hosting[home-buyer-team-01]: Local server: http://localhost:5000 {"metadata":{"emulator":{"name":"hosting"},"message":"Local server: \u001b[4m\u001b[1mhttp://localhost:5000\u001b[22m\u001b[24m"}}
[info] i  hosting: ::1 - - [03/Mar/2026:16:32:46 +0000] "GET / HTTP/1.1" 200 - "-" "Mozilla/5.0 (Macintosh; Intel Mac OS X 10_15_7) AppleWebKit/537.36 (KHTML, like Gecko) Cursor/2.5.26 Chrome/142.0.7444.265 Electron/39.4.0 Safari/537.36" {"metadata":{"emulator":{"name":"hosting"},"message":"::1 - - [03/Mar/2026:16:32:46 +0000] \"GET / HTTP/1.1\" 200 - \"-\" \"Mozilla/5.0 (Macintosh; Intel Mac OS X 10_15_7) AppleWebKit/537.36 (KHTML, like Gecko) Cursor/2.5.26 Chrome/142.0.7444.265 Electron/39.4.0 Safari/537.36\""}}
[info] i  hosting: ::1 - - [03/Mar/2026:16:32:47 +0000] "GET /styles.css HTTP/1.1" 200 - "http://localhost:5000/" "Mozilla/5.0 (Macintosh; Intel Mac OS X 10_15_7) AppleWebKit/537.36 (KHTML, like Gecko) Cursor/2.5.26 Chrome/142.0.7444.265 Electron/39.4.0 Safari/537.36" {"metadata":{"emulator":{"name":"hosting"},"message":"::1 - - [03/Mar/2026:16:32:47 +0000] \"GET /styles.css HTTP/1.1\" 200 - \"http://localhost:5000/\" \"Mozilla/5.0 (Macintosh; Intel Mac OS X 10_15_7) AppleWebKit/537.36 (KHTML, like Gecko) Cursor/2.5.26 Chrome/142.0.7444.265 Electron/39.4.0 Safari/537.36\""}}
[info] i  hosting: ::1 - - [03/Mar/2026:16:32:47 +0000] "GET /Images/submit%20your%20info.webp HTTP/1.1" 200 14820 "http://localhost:5000/" "Mozilla/5.0 (Macintosh; Intel Mac OS X 10_15_7) AppleWebKit/537.36 (KHTML, like Gecko) Cursor/2.5.26 Chrome/142.0.7444.265 Electron/39.4.0 Safari/537.36" {"metadata":{"emulator":{"name":"hosting"},"message":"::1 - - [03/Mar/2026:16:32:47 +0000] \"GET /Images/submit%20your%20info.webp HTTP/1.1\" 200 14820 \"http://localhost:5000/\" \"Mozilla/5.0 (Macintosh; Intel Mac OS X 10_15_7) AppleWebKit/537.36 (KHTML, like Gecko) Cursor/2.5.26 Chrome/142.0.7444.265 Electron/39.4.0 Safari/537.36\""}}
[info] i  hosting: ::1 - - [03/Mar/2026:16:32:47 +0000] "GET /Images/get%20your%20info.webp HTTP/1.1" 200 17290 "http://localhost:5000/" "Mozilla/5.0 (Macintosh; Intel Mac OS X 10_15_7) AppleWebKit/537.36 (KHTML, like Gecko) Cursor/2.5.26 Chrome/142.0.7444.265 Electron/39.4.0 Safari/537.36" {"metadata":{"emulator":{"name":"hosting"},"message":"::1 - - [03/Mar/2026:16:32:47 +0000] \"GET /Images/get%20your%20info.webp HTTP/1.1\" 200 17290 \"http://localhost:5000/\" \"Mozilla/5.0 (Macintosh; Intel Mac OS X 10_15_7) AppleWebKit/537.36 (KHTML, like Gecko) Cursor/2.5.26 Chrome/142.0.7444.265 Electron/39.4.0 Safari/537.36\""}}
[info] i  hosting: ::1 - - [03/Mar/2026:16:32:47 +0000] "GET /Images/close%20when%20ready.webp HTTP/1.1" 200 14654 "http://localhost:5000/" "Mozilla/5.0 (Macintosh; Intel Mac OS X 10_15_7) AppleWebKit/537.36 (KHTML, like Gecko) Cursor/2.5.26 Chrome/142.0.7444.265 Electron/39.4.0 Safari/537.36" {"metadata":{"emulator":{"name":"hosting"},"message":"::1 - - [03/Mar/2026:16:32:47 +0000] \"GET /Images/close%20when%20ready.webp HTTP/1.1\" 200 14654 \"http://localhost:5000/\" \"Mozilla/5.0 (Macintosh; Intel Mac OS X 10_15_7) AppleWebKit/537.36 (KHTML, like Gecko) Cursor/2.5.26 Chrome/142.0.7444.265 Electron/39.4.0 Safari/537.36\""}}
[info] i  hosting: ::1 - - [03/Mar/2026:16:32:47 +0000] "GET /Images/About%20you.webp HTTP/1.1" 200 8492 "http://localhost:5000/" "Mozilla/5.0 (Macintosh; Intel Mac OS X 10_15_7) AppleWebKit/537.36 (KHTML, like Gecko) Cursor/2.5.26 Chrome/142.0.7444.265 Electron/39.4.0 Safari/537.36" {"metadata":{"emulator":{"name":"hosting"},"message":"::1 - - [03/Mar/2026:16:32:47 +0000] \"GET /Images/About%20you.webp HTTP/1.1\" 200 8492 \"http://localhost:5000/\" \"Mozilla/5.0 (Macintosh; Intel Mac OS X 10_15_7) AppleWebKit/537.36 (KHTML, like Gecko) Cursor/2.5.26 Chrome/142.0.7444.265 Electron/39.4.0 Safari/537.36\""}}
[info] i  hosting: ::1 - - [03/Mar/2026:16:32:48 +0000] "GET /Images/expensive%20repair.webp HTTP/1.1" 200 18438 "http://localhost:5000/" "Mozilla/5.0 (Macintosh; Intel Mac OS X 10_15_7) AppleWebKit/537.36 (KHTML, like Gecko) Cursor/2.5.26 Chrome/142.0.7444.265 Electron/39.4.0 Safari/537.36" {"metadata":{"emulator":{"name":"hosting"},"message":"::1 - - [03/Mar/2026:16:32:48 +0000] \"GET /Images/expensive%20repair.webp HTTP/1.1\" 200 18438 \"http://localhost:5000/\" \"Mozilla/5.0 (Macintosh; Intel Mac OS X 10_15_7) AppleWebKit/537.36 (KHTML, like Gecko) Cursor/2.5.26 Chrome/142.0.7444.265 Electron/39.4.0 Safari/537.36\""}}
[info] i  hosting: ::1 - - [03/Mar/2026:16:32:48 +0000] "GET /Images/locating.png.webp HTTP/1.1" 200 13594 "http://localhost:5000/" "Mozilla/5.0 (Macintosh; Intel Mac OS X 10_15_7) AppleWebKit/537.36 (KHTML, like Gecko) Cursor/2.5.26 Chrome/142.0.7444.265 Electron/39.4.0 Safari/537.36" {"metadata":{"emulator":{"name":"hosting"},"message":"::1 - - [03/Mar/2026:16:32:48 +0000] \"GET /Images/locating.png.webp HTTP/1.1\" 200 13594 \"http://localhost:5000/\" \"Mozilla/5.0 (Macintosh; Intel Mac OS X 10_15_7) AppleWebKit/537.36 (KHTML, like Gecko) Cursor/2.5.26 Chrome/142.0.7444.265 Electron/39.4.0 Safari/537.36\""}}
[info] i  hosting: ::1 - - [03/Mar/2026:16:32:48 +0000] "GET /Images/problematic%20rental.webp HTTP/1.1" 200 14934 "http://localhost:5000/" "Mozilla/5.0 (Macintosh; Intel Mac OS X 10_15_7) AppleWebKit/537.36 (KHTML, like Gecko) Cursor/2.5.26 Chrome/142.0.7444.265 Electron/39.4.0 Safari/537.36" {"metadata":{"emulator":{"name":"hosting"},"message":"::1 - - [03/Mar/2026:16:32:48 +0000] \"GET /Images/problematic%20rental.webp HTTP/1.1\" 200 14934 \"http://localhost:5000/\" \"Mozilla/5.0 (Macintosh; Intel Mac OS X 10_15_7) AppleWebKit/537.36 (KHTML, like Gecko) Cursor/2.5.26 Chrome/142.0.7444.265 Electron/39.4.0 Safari/537.36\""}}
[info] i  hosting: ::1 - - [03/Mar/2026:16:32:48 +0000] "GET /Images/financial%20issues.webp HTTP/1.1" 200 14512 "http://localhost:5000/" "Mozilla/5.0 (Macintosh; Intel Mac OS X 10_15_7) AppleWebKit/537.36 (KHTML, like Gecko) Cursor/2.5.26 Chrome/142.0.7444.265 Electron/39.4.0 Safari/537.36" {"metadata":{"emulator":{"name":"hosting"},"message":"::1 - - [03/Mar/2026:16:32:48 +0000] \"GET /Images/financial%20issues.webp HTTP/1.1\" 200 14512 \"http://localhost:5000/\" \"Mozilla/5.0 (Macintosh; Intel Mac OS X 10_15_7) AppleWebKit/537.36 (KHTML, like Gecko) Cursor/2.5.26 Chrome/142.0.7444.265 Electron/39.4.0 Safari/537.36\""}}
[info] i  hosting: ::1 - - [03/Mar/2026:16:32:48 +0000] "GET /Images/downsizing.webp HTTP/1.1" 200 14354 "http://localhost:5000/" "Mozilla/5.0 (Macintosh; Intel Mac OS X 10_15_7) AppleWebKit/537.36 (KHTML, like Gecko) Cursor/2.5.26 Chrome/142.0.7444.265 Electron/39.4.0 Safari/537.36" {"metadata":{"emulator":{"name":"hosting"},"message":"::1 - - [03/Mar/2026:16:32:48 +0000] \"GET /Images/downsizing.webp HTTP/1.1\" 200 14354 \"http://localhost:5000/\" \"Mozilla/5.0 (Macintosh; Intel Mac OS X 10_15_7) AppleWebKit/537.36 (KHTML, like Gecko) Cursor/2.5.26 Chrome/142.0.7444.265 Electron/39.4.0 Safari/537.36\""}}
[info] i  hosting: ::1 - - [03/Mar/2026:16:32:48 +0000] "GET /Images/Inheriting%20house.png HTTP/1.1" 200 79530 "http://localhost:5000/" "Mozilla/5.0 (Macintosh; Intel Mac OS X 10_15_7) AppleWebKit/537.36 (KHTML, like Gecko) Cursor/2.5.26 Chrome/142.0.7444.265 Electron/39.4.0 Safari/537.36" {"metadata":{"emulator":{"name":"hosting"},"message":"::1 - - [03/Mar/2026:16:32:48 +0000] \"GET /Images/Inheriting%20house.png HTTP/1.1\" 200 79530 \"http://localhost:5000/\" \"Mozilla/5.0 (Macintosh; Intel Mac OS X 10_15_7) AppleWebKit/537.36 (KHTML, like Gecko) Cursor/2.5.26 Chrome/142.0.7444.265 Electron/39.4.0 Safari/537.36\""}}
